[INFO] [1791621912.700502122] [m3_2_drive_route]: 开始使用 SLAM 位姿跟踪路线（不使用 Gazebo 真值）
[INFO] [1791621917.799491353] [m3_2_drive_route]: 进度 9/475，SLAM 估计位置 (0.81, -5.05)，SLAM 估计航向 -0.3°，估计障碍物距离 0.94 m，雷达前/左/右 1.87/1.05/1.06 m，雷达转向修正 -0.005 rad/s
[INFO] [1791621922.803064709] [m3_2_drive_route]: 进度 17/475，SLAM 估计位置 (1.62, -5.05)，SLAM 估计航向 -0.2°，估计障碍物距离 0.94 m，雷达前/左/右 1.84/1.04/1.07 m，雷达转向修正 -0.006 rad/s
[INFO] [1791621927.802559156] [m3_2_drive_route]: 进度 25/475，SLAM 估计位置 (2.42, -5.06)，SLAM 估计航向 -0.1°，估计障碍物距离 0.93 m，雷达前/左/右 1.82/1.04/1.06 m，雷达转向修正 -0.007 rad/s
[INFO] [1791621932.806139977] [m3_2_drive_route]: 进度 33/475，SLAM 估计位置 (3.21, -5.06)，SLAM 估计航向 -0.1°，估计障碍物距离 0.93 m，雷达前/左/右 1.82/1.03/1.08 m，雷达转向修正 -0.016 rad/s
[INFO] [1791621937.816851445] [m3_2_drive_route]: 进度 41/475，SLAM 估计位置 (4.02, -5.06)，SLAM 估计航向 -0.1°，估计障碍物距离 0.93 m，雷达前/左/右 1.78/1.02/1.08 m，雷达转向修正 -0.013 rad/s
[INFO] [1791621942.823174932] [m3_2_drive_route]: 进度 49/475，SLAM 估计位置 (4.80, -5.06)，SLAM 估计航向 -0.1°，估计障碍物距离 0.93 m，雷达前/左/右 1.97/1.02/1.09 m，雷达转向修正 -0.016 rad/s
[INFO] [1791621947.834163674] [m3_2_drive_route]: 进度 56/475，SLAM 估计位置 (5.41, -5.06)，SLAM 估计航向 -0.6°，估计障碍物距离 0.92 m，雷达前/左/右 1.91/1.02/1.09 m，雷达转向修正 -0.011 rad/s
[INFO] [1791621952.833998764] [m3_2_drive_route]: 进度 60/475，SLAM 估计位置 (5.82, -5.06)，SLAM 估计航向 0.4°，估计障碍物距离 0.93 m，雷达前/左/右 1.97/1.01/1.10 m，雷达转向修正 +0.000 rad/s
[INFO] [1791621957.854811499] [m3_2_drive_route]: 进度 64/475，SLAM 估计位置 (6.21, -5.04)，SLAM 估计航向 6.8°，估计障碍物距离 0.90 m，雷达前/左/右 1.86/1.56/1.15 m，雷达转向修正 +0.000 rad/s
[INFO] [1791621962.877023459] [m3_2_drive_route]: 进度 68/475，SLAM 估计位置 (6.55, -4.91)，SLAM 估计航向 23.4°，估计障碍物距离 0.78 m，雷达前/左/右 1.52/1.40/1.40 m，雷达转向修正 +0.000 rad/s
[INFO] [1791621967.897172332] [m3_2_drive_route]: 进度 72/475，SLAM 估计位置 (6.82, -4.63)，SLAM 估计航向 49.0°，估计障碍物距离 0.71 m，雷达前/左/右 1.33/1.08/1.68 m，雷达转向修正 +0.000 rad/s
[INFO] [1791621972.919495610] [m3_2_drive_route]: 进度 77/475，SLAM 估计位置 (6.97, -4.26)，SLAM 估计航向 71.8°，估计障碍物距离 0.80 m，雷达前/左/右 1.48/1.01/1.22 m，雷达转向修正 +0.000 rad/s
[INFO] [1791621977.941888851] [m3_2_drive_route]: 进度 84/475，SLAM 估计位置 (7.04, -3.54)，SLAM 估计航向 86.8°，估计障碍物距离 0.92 m，雷达前/左/右 1.78/1.02/1.09 m，雷达转向修正 +0.007 rad/s
[INFO] [1791621982.959094235] [m3_2_drive_route]: 进度 92/475，SLAM 估计位置 (7.05, -2.76)，SLAM 估计航向 89.4°，估计障碍物距离 0.94 m，雷达前/左/右 1.83/1.03/1.08 m，雷达转向修正 -0.004 rad/s
[INFO] [1791621987.977766719] [m3_2_drive_route]: 进度 100/475，SLAM 估计位置 (7.06, -1.95)，SLAM 估计航向 89.9°，估计障碍物距离 0.93 m，雷达前/左/右 1.79/1.02/1.08 m，雷达转向修正 -0.013 rad/s
[INFO] [1791621992.993424548] [m3_2_drive_route]: 进度 108/475，SLAM 估计位置 (7.06, -1.15)，SLAM 估计航向 89.9°，估计障碍物距离 0.93 m，雷达前/左/右 1.79/1.03/1.09 m，雷达转向修正 -0.012 rad/s
[INFO] [1791621998.012564644] [m3_2_drive_route]: 进度 116/475，SLAM 估计位置 (7.06, -0.36)，SLAM 估计航向 90.0°，估计障碍物距离 0.93 m，雷达前/左/右 1.79/1.02/1.09 m，雷达转向修正 -0.015 rad/s
[INFO] [1791622003.034350329] [m3_2_drive_route]: 进度 124/475，SLAM 估计位置 (7.06, 0.44)，SLAM 估计航向 89.8°，估计障碍物距离 0.93 m，雷达前/左/右 1.80/1.01/1.10 m，雷达转向修正 -0.017 rad/s
[INFO] [1791622008.055835926] [m3_2_drive_route]: 进度 132/475，SLAM 估计位置 (7.06, 1.25)，SLAM 估计航向 90.0°，估计障碍物距离 0.93 m，雷达前/左/右 1.75/1.01/1.10 m，雷达转向修正 -0.020 rad/s
[INFO] [1791622013.077756210] [m3_2_drive_route]: 进度 140/475，SLAM 估计位置 (7.07, 2.06)，SLAM 估计航向 89.9°，估计障碍物距离 0.92 m，雷达前/左/右 1.77/1.00/1.11 m，雷达转向修正 -0.026 rad/s
[INFO] [1791622018.104131714] [m3_2_drive_route]: 进度 148/475，SLAM 估计位置 (7.07, 2.86)，SLAM 估计航向 89.9°，估计障碍物距离 0.92 m，雷达前/左/右 1.99/0.99/1.12 m，雷达转向修正 -0.027 rad/s
[INFO] [1791622023.125149701] [m3_2_drive_route]: 进度 154/475，SLAM 估计位置 (7.07, 3.44)，SLAM 估计航向 89.3°，估计障碍物距离 0.92 m，雷达前/左/右 1.93/0.99/1.11 m，雷达转向修正 -0.012 rad/s
[INFO] [1791622028.153861786] [m3_2_drive_route]: 进度 158/475，SLAM 估计位置 (7.07, 3.84)，SLAM 估计航向 91.2°，估计障碍物距离 0.92 m，雷达前/左/右 2.09/0.99/1.12 m，雷达转向修正 +0.000 rad/s
[INFO] [1791622033.173581278] [m3_2_drive_route]: 进度 162/475，SLAM 估计位置 (7.04, 4.24)，SLAM 估计航向 97.6°，估计障碍物距离 0.90 m，雷达前/左/右 1.79/1.90/1.16 m，雷达转向修正 +0.000 rad/s
[INFO] [1791622038.190779576] [m3_2_drive_route]: 进度 166/475，SLAM 估计位置 (6.88, 4.61)，SLAM 估计航向 116.0°，估计障碍物距离 0.77 m，雷达前/左/右 1.44/1.51/1.48 m，雷达转向修正 +0.000 rad/s
[INFO] [1791622043.212481693] [m3_2_drive_route]: 进度 171/475，SLAM 估计位置 (6.60, 4.85)，SLAM 估计航向 141.0°，估计障碍物距离 0.71 m，雷达前/左/右 1.26/1.15/1.52 m，雷达转向修正 +0.000 rad/s
[INFO] [1791622048.230340441] [m3_2_drive_route]: 进度 175/475，SLAM 估计位置 (6.22, 4.98)，SLAM 估计航向 162.8°，估计障碍物距离 0.81 m，雷达前/左/右 1.38/1.07/1.12 m，雷达转向修正 +0.000 rad/s
[INFO] [1791622053.250801375] [m3_2_drive_route]: 进度 183/475，SLAM 估计位置 (5.49, 5.03)，SLAM 估计航向 178.5°，估计障碍物距离 0.92 m，雷达前/左/右 1.76/1.09/1.02 m，雷达转向修正 +0.015 rad/s
[INFO] [1791622058.275811824] [m3_2_drive_route]: 进度 187/475，SLAM 估计位置 (5.09, 5.03)，SLAM 估计航向 179.4°，估计障碍物距离 0.91 m，雷达前/左/右 1.80/1.09/1.02 m，雷达转向修正 +0.011 rad/s
[INFO] [1791622063.297820008] [m3_2_drive_route]: 进度 191/475，SLAM 估计位置 (4.69, 5.03)，SLAM 估计航向 -179.4°，估计障碍物距离 0.92 m，雷达前/左/右 1.85/1.09/1.02 m，雷达转向修正 +0.004 rad/s
[INFO] [1791622068.318661787] [m3_2_drive_route]: 进度 195/475，SLAM 估计位置 (4.30, 5.00)，SLAM 估计航向 -175.8°，估计障碍物距离 0.88 m，雷达前/左/右 1.70/1.06/1.05 m，雷达转向修正 -0.037 rad/s
[INFO] [1791622073.343667438] [m3_2_drive_route]: 进度 199/475，SLAM 估计位置 (3.88, 4.95)，SLAM 估计航向 -171.8°，估计障碍物距离 0.81 m，雷达前/左/右 1.30/1.02/1.12 m，雷达转向修正 -0.078 rad/s
[INFO] [1791622078.361073245] [m3_2_drive_route]: 进度 203/475，SLAM 估计位置 (3.51, 4.88)，SLAM 估计航向 -170.0°，估计障碍物距离 0.74 m，雷达前/左/右 0.95/0.95/1.19 m，雷达转向修正 -0.110 rad/s
[INFO] [1791622083.381514567] [m3_2_drive_route]: 进度 206/475，SLAM 估计位置 (3.12, 4.80)，SLAM 估计航向 -159.9°，估计障碍物距离 0.41 m，雷达前/左/右 0.97/0.88/1.35 m，雷达转向修正 +0.000 rad/s
[INFO] [1791622088.395401432] [m3_2_drive_route]: 进度 210/475，SLAM 估计位置 (2.76, 4.65)，SLAM 估计航向 -165.7°，估计障碍物距离 0.34 m，雷达前/左/右 0.94/0.71/0.69 m，雷达转向修正 +0.000 rad/s
[INFO] [1791622093.407872629] [m3_2_drive_route]: 进度 215/475，SLAM 估计位置 (2.34, 4.60)，SLAM 估计航向 -174.3°，估计障碍物距离 0.42 m，雷达前/左/右 1.00/0.66/0.51 m，雷达转向修正 +0.000 rad/s
[INFO] [1791622098.426570249] [m3_2_drive_route]: 进度 218/475，SLAM 估计位置 (1.95, 4.58)，SLAM 估计航向 -177.5°，估计障碍物距离 0.45 m，雷达前/左/右 1.06/0.63/0.53 m，雷达转向修正 +0.000 rad/s
[INFO] [1791622103.442282862] [m3_2_drive_route]: 进度 223/475，SLAM 估计位置 (1.53, 4.58)，SLAM 估计航向 -179.6°，估计障碍物距离 0.46 m，雷达前/左/右 1.09/0.62/1.47 m，雷达转向修正 +0.000 rad/s
[INFO] [1791622108.463614529] [m3_2_drive_route]: 进度 227/475，SLAM 估计位置 (1.13, 4.61)，SLAM 估计航向 172.8°，估计障碍物距离 0.42 m，雷达前/左/右 1.45/0.66/1.46 m，雷达转向修正 +0.000 rad/s
[INFO] [1791622113.484060224] [m3_2_drive_route]: 进度 231/475，SLAM 估计位置 (0.75, 4.71)，SLAM 估计航向 165.6°，估计障碍物距离 0.55 m，雷达前/左/右 1.81/0.78/1.40 m，雷达转向修正 +0.000 rad/s
[INFO] [1791622118.502275363] [m3_2_drive_route]: 进度 234/475，SLAM 估计位置 (0.36, 4.84)，SLAM 估计航向 162.2°，估计障碍物距离 0.66 m，雷达前/左/右 1.55/0.92/1.30 m，雷达转向修正 +0.000 rad/s
[INFO] [1791622123.517396508] [m3_2_drive_route]: 进度 238/475，SLAM 估计位置 (-0.01, 4.95)，SLAM 估计航向 164.7°，估计障碍物距离 0.79 m，雷达前/左/右 1.49/1.02/1.16 m，雷达转向修正 +0.000 rad/s
[INFO] [1791622128.538511772] [m3_2_drive_route]: 进度 242/475，SLAM 估计位置 (-0.39, 5.01)，SLAM 估计航向 171.7°，估计障碍物距离 0.87 m，雷达前/左/右 1.57/1.06/1.07 m，雷达转向修正 +0.000 rad/s
[INFO] [1791622133.561433834] [m3_2_drive_route]: 进度 248/475，SLAM 估计位置 (-1.03, 5.04)，SLAM 估计航向 178.2°，估计障碍物距离 0.93 m，雷达前/左/右 1.77/1.08/1.03 m，雷达转向修正 +0.000 rad/s
[INFO] [1791622138.582944399] [m3_2_drive_route]: 进度 256/475，SLAM 估计位置 (-1.81, 5.05)，SLAM 估计航向 -179.8°，估计障碍物距离 0.94 m，雷达前/左/右 1.84/1.09/1.03 m，雷达转向修正 +0.008 rad/s
[INFO] [1791622143.604978594] [m3_2_drive_route]: 进度 264/475，SLAM 估计位置 (-2.62, 5.05)，SLAM 估计航向 -180.0°，估计障碍物距离 0.94 m，雷达前/左/右 1.86/1.07/1.04 m，雷达转向修正 +0.006 rad/s
[INFO] [1791622148.621577330] [m3_2_drive_route]: 进度 273/475，SLAM 估计位置 (-3.43, 5.05)，SLAM 估计航向 179.9°，估计障碍物距离 0.94 m，雷达前/左/右 1.85/1.07/1.04 m，雷达转向修正 +0.006 rad/s
[INFO] [1791622153.643269970] [m3_2_drive_route]: 进度 281/475，SLAM 估计位置 (-4.23, 5.05)，SLAM 估计航向 180.0°，估计障碍物距离 0.94 m，雷达前/左/右 1.84/1.07/1.04 m，雷达转向修正 +0.000 rad/s
[INFO] [1791622158.667336467] [m3_2_drive_route]: 进度 289/475，SLAM 估计位置 (-5.02, 5.05)，SLAM 估计航向 180.0°，估计障碍物距离 0.94 m，雷达前/左/右 1.86/1.07/1.04 m，雷达转向修正 -0.000 rad/s
[INFO] [1791622163.685190542] [m3_2_drive_route]: 进度 294/475，SLAM 估计位置 (-5.52, 5.05)，SLAM 估计航向 -180.0°，估计障碍物距离 0.94 m，雷达前/左/右 1.87/1.06/1.04 m，雷达转向修正 -0.000 rad/s
[INFO] [1791622168.706418156] [m3_2_drive_route]: 进度 298/475，SLAM 估计位置 (-5.92, 5.05)，SLAM 估计航向 -179.7°，估计障碍物距离 0.94 m，雷达前/左/右 1.86/1.08/1.05 m，雷达转向修正 +0.000 rad/s
[INFO] [1791622173.724880342] [m3_2_drive_route]: 进度 302/475，SLAM 估计位置 (-6.32, 5.01)，SLAM 估计航向 -170.6°，估计障碍物距离 0.87 m，雷达前/左/右 1.70/2.40/1.11 m，雷达转向修正 +0.000 rad/s
[INFO] [1791622178.742747302] [m3_2_drive_route]: 进度 306/475，SLAM 估计位置 (-6.66, 4.84)，SLAM 估计航向 -150.7°，估计障碍物距离 0.76 m，雷达前/左/右 1.37/1.44/1.48 m，雷达转向修正 +0.000 rad/s
[INFO] [1791622183.754582837] [m3_2_drive_route]: 进度 310/475，SLAM 估计位置 (-6.89, 4.54)，SLAM 估计航向 -124.4°，估计障碍物距离 0.73 m，雷达前/左/右 1.24/1.17/1.37 m，雷达转向修正 +0.000 rad/s
[INFO] [1791622188.778787446] [m3_2_drive_route]: 进度 316/475，SLAM 估计位置 (-7.01, 4.09)，SLAM 估计航向 -102.3°，估计障碍物距离 0.85 m，雷达前/左/右 1.45/1.08/1.08 m，雷达转向修正 +0.000 rad/s
[INFO] [1791622193.792137714] [m3_2_drive_route]: 进度 323/475，SLAM 估计位置 (-7.04, 3.31)，SLAM 估计航向 -90.8°，估计障碍物距离 0.72 m，雷达前/左/右 0.98/1.10/1.01 m，雷达转向修正 +0.017 rad/s
[INFO] [1791622198.800987742] [m3_2_drive_route]: 进度 331/475，SLAM 估计位置 (-7.05, 2.50)，SLAM 估计航向 -90.8°，估计障碍物距离 0.23 m，雷达前/左/右 0.72/1.10/1.00 m，雷达转向修正 +0.000 rad/s
[INFO] [1791622203.814564538] [m3_2_drive_route]: 进度 340/475，SLAM 估计位置 (-7.05, 1.68)，SLAM 估计航向 -90.0°，估计障碍物距离 0.24 m，雷达前/左/右 1.79/0.40/1.01 m，雷达转向修正 +0.000 rad/s
[INFO] [1791622208.816376887] [m3_2_drive_route]: 进度 348/475，SLAM 估计位置 (-7.05, 0.89)，SLAM 估计航向 -89.8°，估计障碍物距离 0.54 m，雷达前/左/右 1.80/1.10/1.01 m，雷达转向修正 +0.011 rad/s
[INFO] [1791622213.821249796] [m3_2_drive_route]: 进度 356/475，SLAM 估计位置 (-7.05, 0.09)，SLAM 估计航向 -89.8°，估计障碍物距离 0.93 m，雷达前/左/右 1.82/1.09/1.02 m，雷达转向修正 +0.008 rad/s
[INFO] [1791622218.832398177] [m3_2_drive_route]: 进度 364/475，SLAM 估计位置 (-7.04, -0.71)，SLAM 估计航向 -90.0°，估计障碍物距离 0.89 m，雷达前/左/右 1.24/1.09/1.02 m，雷达转向修正 +0.006 rad/s
[INFO] [1791622223.835416329] [m3_2_drive_route]: 进度 372/475，SLAM 估计位置 (-7.07, -1.51)，SLAM 估计航向 -90.5°，估计障碍物距离 0.56 m，雷达前/左/右 1.25/1.10/1.01 m，雷达转向修正 +0.000 rad/s
[INFO] [1791622228.839339984] [m3_2_drive_route]: 进度 380/475，SLAM 估计位置 (-7.05, -2.31)，SLAM 估计航向 -89.4°，估计障碍物距离 0.54 m，雷达前/左/右 1.86/0.69/1.02 m，雷达转向修正 +0.000 rad/s
[INFO] [1791622233.856832287] [m3_2_drive_route]: 进度 388/475，SLAM 估计位置 (-7.05, -3.12)，SLAM 估计航向 -90.1°，估计障碍物距离 0.56 m，雷达前/左/右 1.85/1.08/1.03 m，雷达转向修正 +0.000 rad/s
[INFO] [1791622238.866569638] [m3_2_drive_route]: 进度 392/475，SLAM 估计位置 (-7.05, -3.58)，SLAM 估计航向 -90.0°，估计障碍物距离 0.81 m，雷达前/左/右 1.87/1.07/1.03 m，雷达转向修正 +0.000 rad/s
[INFO] [1791622243.877017151] [m3_2_drive_route]: 进度 396/475，SLAM 估计位置 (-7.05, -3.98)，SLAM 估计航向 -89.2°，估计障碍物距离 0.94 m，雷达前/左/右 1.92/1.07/1.04 m，雷达转向修正 +0.000 rad/s
[INFO] [1791622248.889782247] [m3_2_drive_route]: 进度 400/475，SLAM 估计位置 (-7.00, -4.37)，SLAM 估计航向 -78.2°，估计障碍物距离 0.86 m，雷达前/左/右 1.76/1.60/1.14 m，雷达转向修正 +0.000 rad/s
[INFO] [1791622253.907133233] [m3_2_drive_route]: 进度 405/475，SLAM 估计位置 (-6.82, -4.70)，SLAM 估计航向 -57.6°，估计障碍物距离 0.76 m，雷达前/左/右 1.43/1.18/1.58 m，雷达转向修正 +0.000 rad/s
[INFO] [1791622258.917289532] [m3_2_drive_route]: 进度 409/475，SLAM 估计位置 (-6.48, -4.89)，SLAM 估计航向 -28.8°，估计障碍物距离 0.72 m，雷达前/左/右 1.40/1.06/1.42 m，雷达转向修正 +0.000 rad/s
[INFO] [1791622263.941828525] [m3_2_drive_route]: 进度 415/475，SLAM 估计位置 (-6.00, -5.00)，SLAM 估计航向 -10.2°，估计障碍物距离 0.86 m，雷达前/左/右 1.63/0.98/1.16 m，雷达转向修正 +0.000 rad/s
[INFO] [1791622268.962035381] [m3_2_drive_route]: 进度 423/475，SLAM 估计位置 (-5.19, -5.04)，SLAM 估计航向 -2.1°，估计障碍物距离 0.92 m，雷达前/左/右 1.49/1.01/1.09 m，雷达转向修正 -0.003 rad/s
[INFO] [1791622273.991356137] [m3_2_drive_route]: 进度 431/475，SLAM 估计位置 (-4.39, -5.06)，SLAM 估计航向 0.1°，估计障碍物距离 0.57 m，雷达前/左/右 0.88/1.01/1.10 m，雷达转向修正 +0.000 rad/s
[INFO] [1791622279.010905293] [m3_2_drive_route]: 进度 439/475，SLAM 估计位置 (-3.57, -5.05)，SLAM 估计航向 0.4°，估计障碍物距离 0.44 m，雷达前/左/右 1.72/0.50/1.11 m，雷达转向修正 +0.000 rad/s
[INFO] [1791622284.031927958] [m3_2_drive_route]: 进度 447/475，SLAM 估计位置 (-2.77, -5.05)，SLAM 估计航向 -0.7°，估计障碍物距离 0.48 m，雷达前/左/右 1.76/1.00/1.12 m，雷达转向修正 -0.026 rad/s
[INFO] [1791622289.059491611] [m3_2_drive_route]: 进度 455/475，SLAM 估计位置 (-1.97, -5.06)，SLAM 估计航向 -0.6°，估计障碍物距离 0.90 m，雷达前/左/右 1.14/1.00/1.11 m，雷达转向修正 -0.016 rad/s
[INFO] [1791622294.077075011] [m3_2_drive_route]: 进度 464/475，SLAM 估计位置 (-1.14, -5.06)，SLAM 估计航向 1.1°，估计障碍物距离 0.55 m，雷达前/左/右 1.69/0.98/1.12 m，雷达转向修正 +0.000 rad/s
[INFO] [1791622299.098437067] [m3_2_drive_route]: 进度 471/475，SLAM 估计位置 (-0.40, -4.97)，SLAM 估计航向 -4.2°，估计障碍物距离 0.44 m，雷达前/左/右 1.80/0.99/1.12 m，雷达转向修正 +0.000 rad/s
[INFO] [1791622300.225278805] [m3_2_drive_route]: 已完成一圈巡场路线
[INFO] [1791622300.983952587] [m3_2_drive_route]: 已发送停车指令
========== M3-2 路线检查 ==========
路线点数量：475
障碍物数量：10
直行速度：0.16 m/s
转弯速度：0.08 m/s
反馈来源：SLAM TF + /scan 激光纠偏和防撞
定位超时停车阈值：1.5 秒
雷达前方停车阈值：0.45 m
