[INFO] [1791620212.479888957] [m3_2_drive_route]: 开始使用 SLAM 位姿跟踪路线（不使用 Gazebo 真值）
[INFO] [1791620217.583639782] [m3_2_drive_route]: 进度 9/475，SLAM 估计位置 (0.82, -5.05)，SLAM 估计航向 -0.4°，估计障碍物距离 0.94 m，雷达前/左/右 1.86/1.06/1.06 m，雷达转向修正 +0.001 rad/s
[INFO] [1791620222.592781818] [m3_2_drive_route]: 进度 17/475，SLAM 估计位置 (1.63, -5.05)，SLAM 估计航向 -0.1°，估计障碍物距离 0.94 m，雷达前/左/右 1.85/1.05/1.06 m，雷达转向修正 +0.002 rad/s
[INFO] [1791620227.600536701] [m3_2_drive_route]: 进度 26/475，SLAM 估计位置 (2.43, -5.05)，SLAM 估计航向 -0.0°，估计障碍物距离 0.94 m，雷达前/左/右 1.84/1.05/1.06 m，雷达转向修正 -0.011 rad/s
[INFO] [1791620232.605847583] [m3_2_drive_route]: 进度 34/475，SLAM 估计位置 (3.24, -5.05)，SLAM 估计航向 -0.1°，估计障碍物距离 0.93 m，雷达前/左/右 1.85/1.05/1.07 m，雷达转向修正 -0.005 rad/s
[INFO] [1791620237.607266902] [m3_2_drive_route]: 进度 42/475，SLAM 估计位置 (4.02, -5.06)，SLAM 估计航向 0.0°，估计障碍物距离 0.93 m，雷达前/左/右 1.83/1.04/1.07 m，雷达转向修正 -0.009 rad/s
[INFO] [1791620242.607609753] [m3_2_drive_route]: 进度 50/475，SLAM 估计位置 (4.83, -5.06)，SLAM 估计航向 0.0°，估计障碍物距离 0.93 m，雷达前/左/右 1.92/1.03/1.08 m，雷达转向修正 -0.012 rad/s
[INFO] [1791620247.611297926] [m3_2_drive_route]: 进度 56/475，SLAM 估计位置 (5.43, -5.06)，SLAM 估计航向 -0.3°，估计障碍物距离 0.93 m，雷达前/左/右 1.90/1.03/1.07 m，雷达转向修正 -0.002 rad/s
[INFO] [1791620252.612601008] [m3_2_drive_route]: 进度 60/475，SLAM 估计位置 (5.84, -5.06)，SLAM 估计航向 0.3°，估计障碍物距离 0.93 m，雷达前/左/右 1.93/1.04/1.08 m，雷达转向修正 +0.000 rad/s
[INFO] [1791620257.714651201] [m3_2_drive_route]: 进度 64/475，SLAM 估计位置 (6.24, -5.03)，SLAM 估计航向 6.8°，估计障碍物距离 0.89 m，雷达前/左/右 1.87/1.40/1.12 m，雷达转向修正 +0.000 rad/s
[INFO] [1791620262.716403904] [m3_2_drive_route]: 进度 68/475，SLAM 估计位置 (6.60, -4.90)，SLAM 估计航向 24.6°，估计障碍物距离 0.79 m，雷达前/左/右 1.53/1.30/1.39 m，雷达转向修正 +0.000 rad/s
[INFO] [1791620267.717812983] [m3_2_drive_route]: 进度 72/475，SLAM 估计位置 (6.86, -4.62)，SLAM 估计航向 50.4°，估计障碍物距离 0.73 m，雷达前/左/右 1.36/1.05/1.65 m，雷达转向修正 +0.000 rad/s
[INFO] [1791620272.729420191] [m3_2_drive_route]: 进度 77/475，SLAM 估计位置 (6.96, -4.24)，SLAM 估计航向 73.0°，估计障碍物距离 0.79 m，雷达前/左/右 1.51/0.99/1.23 m，雷达转向修正 +0.000 rad/s
[INFO] [1791620277.735484131] [m3_2_drive_route]: 进度 85/475，SLAM 估计位置 (7.03, -3.50)，SLAM 估计航向 86.6°，估计障碍物距离 0.91 m，雷达前/左/右 1.83/1.01/1.10 m，雷达转向修正 +0.001 rad/s
[INFO] [1791620282.737608618] [m3_2_drive_route]: 进度 92/475，SLAM 估计位置 (7.06, -2.71)，SLAM 估计航向 89.3°，估计障碍物距离 0.93 m，雷达前/左/右 1.84/1.02/1.09 m，雷达转向修正 -0.010 rad/s
[INFO] [1791620287.741531609] [m3_2_drive_route]: 进度 100/475，SLAM 估计位置 (7.06, -1.90)，SLAM 估计航向 89.8°，估计障碍物距离 0.93 m，雷达前/左/右 1.80/1.02/1.09 m，雷达转向修正 -0.014 rad/s
[INFO] [1791620292.741888038] [m3_2_drive_route]: 进度 108/475，SLAM 估计位置 (7.06, -1.10)，SLAM 估计航向 90.0°，估计障碍物距离 0.93 m，雷达前/左/右 1.78/1.01/1.09 m，雷达转向修正 -0.017 rad/s
[INFO] [1791620297.746253977] [m3_2_drive_route]: 进度 116/475，SLAM 估计位置 (7.06, -0.30)，SLAM 估计航向 89.9°，估计障碍物距离 0.93 m，雷达前/左/右 1.79/1.01/1.10 m，雷达转向修正 -0.015 rad/s
[INFO] [1791620302.755178734] [m3_2_drive_route]: 进度 124/475，SLAM 估计位置 (7.06, 0.50)，SLAM 估计航向 90.0°，估计障碍物距离 0.93 m，雷达前/左/右 1.78/1.01/1.09 m，雷达转向修正 -0.013 rad/s
[INFO] [1791620307.763857038] [m3_2_drive_route]: 进度 132/475，SLAM 估计位置 (7.06, 1.30)，SLAM 估计航向 89.9°，估计障碍物距离 0.93 m，雷达前/左/右 1.79/1.01/1.11 m，雷达转向修正 -0.021 rad/s
[INFO] [1791620312.771112580] [m3_2_drive_route]: 进度 140/475，SLAM 估计位置 (7.07, 2.10)，SLAM 估计航向 90.0°，估计障碍物距离 0.92 m，雷达前/左/右 1.77/1.01/1.11 m，雷达转向修正 -0.024 rad/s
[INFO] [1791620317.777338249] [m3_2_drive_route]: 进度 149/475，SLAM 估计位置 (7.07, 2.91)，SLAM 估计航向 90.0°，估计障碍物距离 0.92 m，雷达前/左/右 1.96/1.00/1.11 m，雷达转向修正 -0.018 rad/s
[INFO] [1791620322.780293261] [m3_2_drive_route]: 进度 154/475，SLAM 估计位置 (7.07, 3.46)，SLAM 估计航向 89.4°，估计障碍物距离 0.92 m，雷达前/左/右 1.93/1.00/1.11 m，雷达转向修正 -0.014 rad/s
[INFO] [1791620327.787039329] [m3_2_drive_route]: 进度 158/475，SLAM 估计位置 (7.07, 3.86)，SLAM 估计航向 91.3°，估计障碍物距离 0.92 m，雷达前/左/右 2.06/0.99/1.11 m，雷达转向修正 +0.000 rad/s
[INFO] [1791620332.793508430] [m3_2_drive_route]: 进度 162/475，SLAM 估计位置 (7.04, 4.26)，SLAM 估计航向 98.7°，估计障碍物距离 0.90 m，雷达前/左/右 1.79/1.80/1.17 m，雷达转向修正 +0.000 rad/s
[INFO] [1791620337.798636135] [m3_2_drive_route]: 进度 166/475，SLAM 估计位置 (6.89, 4.61)，SLAM 估计航向 116.2°，估计障碍物距离 0.78 m，雷达前/左/右 1.45/1.44/1.48 m，雷达转向修正 +0.000 rad/s
[INFO] [1791620342.803064603] [m3_2_drive_route]: 进度 171/475，SLAM 估计位置 (6.59, 4.88)，SLAM 估计航向 142.1°，估计障碍物距离 0.74 m，雷达前/左/右 1.28/1.09/1.51 m，雷达转向修正 +0.000 rad/s
[INFO] [1791620347.905332689] [m3_2_drive_route]: 进度 176/475，SLAM 估计位置 (6.20, 4.96)，SLAM 估计航向 164.3°，估计障碍物距离 0.80 m，雷达前/左/右 1.43/1.04/1.13 m，雷达转向修正 +0.000 rad/s
[INFO] [1791620352.911511455] [m3_2_drive_route]: 进度 183/475，SLAM 估计位置 (5.46, 5.03)，SLAM 估计航向 178.3°，估计障碍物距离 0.91 m，雷达前/左/右 1.78/1.07/1.04 m，雷达转向修正 +0.014 rad/s
[INFO] [1791620357.916186632] [m3_2_drive_route]: 进度 187/475，SLAM 估计位置 (5.04, 5.04)，SLAM 估计航向 179.4°，估计障碍物距离 0.92 m，雷达前/左/右 1.82/1.07/1.03 m，雷达转向修正 +0.006 rad/s
[INFO] [1791620362.923475566] [m3_2_drive_route]: 进度 191/475，SLAM 估计位置 (4.66, 5.03)，SLAM 估计航向 -179.4°，估计障碍物距离 0.92 m，雷达前/左/右 1.86/1.07/1.05 m，雷达转向修正 -0.002 rad/s
[INFO] [1791620367.928633090] [m3_2_drive_route]: 进度 195/475，SLAM 估计位置 (4.26, 5.01)，SLAM 估计航向 -175.1°，估计障碍物距离 0.89 m，雷达前/左/右 1.64/1.05/1.07 m，雷达转向修正 -0.042 rad/s
[INFO] [1791620373.029103214] [m3_2_drive_route]: 进度 199/475，SLAM 估计位置 (3.86, 4.95)，SLAM 估计航向 -172.2°，估计障碍物距离 0.81 m，雷达前/左/右 1.30/0.99/1.14 m，雷达转向修正 -0.083 rad/s
[INFO] [1791620378.033571728] [m3_2_drive_route]: 进度 203/475，SLAM 估计位置 (3.46, 4.88)，SLAM 估计航向 -169.6°，估计障碍物距离 0.73 m，雷达前/左/右 0.92/0.93/1.21 m，雷达转向修正 -0.118 rad/s
[INFO] [1791620383.039725451] [m3_2_drive_route]: 进度 207/475，SLAM 估计位置 (3.09, 4.78)，SLAM 估计航向 -158.6°，估计障碍物距离 0.39 m，雷达前/左/右 0.93/0.86/1.37 m，雷达转向修正 +0.000 rad/s
[INFO] [1791620388.046570434] [m3_2_drive_route]: 进度 211/475，SLAM 估计位置 (2.73, 4.65)，SLAM 估计航向 -166.4°，估计障碍物距离 0.34 m，雷达前/左/右 0.89/0.70/0.63 m，雷达转向修正 +0.000 rad/s
[INFO] [1791620393.048252976] [m3_2_drive_route]: 进度 215/475，SLAM 估计位置 (2.35, 4.60)，SLAM 估计航向 -173.9°，估计障碍物距离 0.41 m，雷达前/左/右 0.97/0.63/0.53 m，雷达转向修正 +0.000 rad/s
[INFO] [1791620398.050942157] [m3_2_drive_route]: 进度 219/475，SLAM 估计位置 (1.91, 4.59)，SLAM 估计航向 -177.6°，估计障碍物距离 0.44 m，雷达前/左/右 1.01/0.60/0.55 m，雷达转向修正 +0.000 rad/s
[INFO] [1791620403.051884989] [m3_2_drive_route]: 进度 223/475，SLAM 估计位置 (1.49, 4.58)，SLAM 估计航向 179.6°，估计障碍物距离 0.46 m，雷达前/左/右 1.08/0.61/1.50 m，雷达转向修正 +0.000 rad/s
[INFO] [1791620408.061999158] [m3_2_drive_route]: 进度 227/475，SLAM 估计位置 (1.10, 4.62)，SLAM 估计航向 172.6°，估计障碍物距离 0.42 m，雷达前/左/右 1.44/0.64/1.47 m，雷达转向修正 +0.000 rad/s
[INFO] [1791620413.069793498] [m3_2_drive_route]: 进度 231/475，SLAM 估计位置 (0.73, 4.72)，SLAM 估计航向 165.7°，估计障碍物距离 0.56 m，雷达前/左/右 1.82/0.75/1.40 m，雷达转向修正 +0.000 rad/s
[INFO] [1791620418.076130380] [m3_2_drive_route]: 进度 234/475，SLAM 估计位置 (0.35, 4.84)，SLAM 估计航向 162.3°，估计障碍物距离 0.67 m，雷达前/左/右 1.55/0.90/1.31 m，雷达转向修正 +0.000 rad/s
[INFO] [1791620423.082074202] [m3_2_drive_route]: 进度 238/475，SLAM 估计位置 (-0.02, 4.96)，SLAM 估计航向 165.2°，估计障碍物距离 0.79 m，雷达前/左/右 1.51/1.00/1.18 m，雷达转向修正 +0.000 rad/s
[INFO] [1791620428.088014453] [m3_2_drive_route]: 进度 242/475，SLAM 估计位置 (-0.42, 5.02)，SLAM 估计航向 172.1°，估计障碍物距离 0.88 m，雷达前/左/右 1.61/1.03/1.09 m，雷达转向修正 +0.000 rad/s
[INFO] [1791620433.094716563] [m3_2_drive_route]: 进度 249/475，SLAM 估计位置 (-1.08, 5.04)，SLAM 估计航向 178.3°，估计障碍物距离 0.93 m，雷达前/左/右 1.78/1.06/1.05 m，雷达转向修正 +0.000 rad/s
[INFO] [1791620438.101020725] [m3_2_drive_route]: 进度 257/475，SLAM 估计位置 (-1.89, 5.05)，SLAM 估计航向 180.0°，估计障碍物距离 0.94 m，雷达前/左/右 1.85/1.06/1.05 m，雷达转向修正 +0.002 rad/s
[INFO] [1791620443.107415678] [m3_2_drive_route]: 进度 265/475，SLAM 估计位置 (-2.69, 5.05)，SLAM 估计航向 180.0°，估计障碍物距离 0.94 m，雷达前/左/右 1.86/1.05/1.06 m，雷达转向修正 -0.002 rad/s
[INFO] [1791620448.106381191] [m3_2_drive_route]: 进度 273/475，SLAM 估计位置 (-3.50, 5.05)，SLAM 估计航向 180.0°，估计障碍物距离 0.94 m，雷达前/左/右 1.86/1.05/1.05 m，雷达转向修正 +0.001 rad/s
[INFO] [1791620453.114378721] [m3_2_drive_route]: 进度 281/475，SLAM 估计位置 (-4.29, 5.05)，SLAM 估计航向 180.0°，估计障碍物距离 0.94 m，雷达前/左/右 1.85/1.05/1.06 m，雷达转向修正 -0.004 rad/s
[INFO] [1791620458.117646120] [m3_2_drive_route]: 进度 289/475，SLAM 估计位置 (-5.10, 5.05)，SLAM 估计航向 -180.0°，估计障碍物距离 0.94 m，雷达前/左/右 1.88/1.05/1.06 m，雷达转向修正 -0.006 rad/s
[INFO] [1791620463.122672875] [m3_2_drive_route]: 进度 294/475，SLAM 估计位置 (-5.54, 5.05)，SLAM 估计航向 179.9°，估计障碍物距离 0.94 m，雷达前/左/右 1.87/1.06/1.06 m，雷达转向修正 -0.006 rad/s
[INFO] [1791620468.127712643] [m3_2_drive_route]: 进度 298/475，SLAM 估计位置 (-5.96, 5.05)，SLAM 估计航向 -178.7°，估计障碍物距离 0.93 m，雷达前/左/右 1.96/1.42/1.07 m，雷达转向修正 +0.000 rad/s
[INFO] [1791620473.129933933] [m3_2_drive_route]: 进度 302/475，SLAM 估计位置 (-6.34, 5.00)，SLAM 估计航向 -169.0°，估计障碍物距离 0.86 m，雷达前/左/右 1.68/2.18/1.14 m，雷达转向修正 +0.000 rad/s
[INFO] [1791620478.137689481] [m3_2_drive_route]: 进度 306/475，SLAM 估计位置 (-6.66, 4.82)，SLAM 估计航向 -148.2°，估计障碍物距离 0.73 m，雷达前/左/右 1.35/1.42/1.54 m，雷达转向修正 +0.000 rad/s
[INFO] [1791620483.137284172] [m3_2_drive_route]: 进度 311/475，SLAM 估计位置 (-6.88, 4.51)，SLAM 估计航向 -121.0°，估计障碍物距离 0.72 m，雷达前/左/右 1.28/1.13/1.35 m，雷达转向修正 +0.000 rad/s
[INFO] [1791620488.141792605] [m3_2_drive_route]: 进度 316/475，SLAM 估计位置 (-7.00, 4.07)，SLAM 估计航向 -101.9°，估计障碍物距离 0.84 m，雷达前/左/右 1.47/1.07/1.07 m，雷达转向修正 +0.000 rad/s
[INFO] [1791620493.146197548] [m3_2_drive_route]: 进度 324/475，SLAM 估计位置 (-7.03, 3.28)，SLAM 估计航向 -91.3°，估计障碍物距离 0.69 m，雷达前/左/右 0.94/1.10/1.00 m，雷达转向修正 +0.023 rad/s
[INFO] [1791620498.156423336] [m3_2_drive_route]: 进度 332/475，SLAM 估计位置 (-7.05, 2.47)，SLAM 估计航向 -90.8°，估计障碍物距离 0.23 m，雷达前/左/右 0.73/1.10/1.00 m，雷达转向修正 +0.000 rad/s
[INFO] [1791620503.159917373] [m3_2_drive_route]: 进度 340/475，SLAM 估计位置 (-7.05, 1.66)，SLAM 估计航向 -90.1°，估计障碍物距离 0.24 m，雷达前/左/右 1.79/0.40/1.00 m，雷达转向修正 +0.000 rad/s
[INFO] [1791620508.163737393] [m3_2_drive_route]: 进度 348/475，SLAM 估计位置 (-7.05, 0.86)，SLAM 估计航向 -89.8°，估计障碍物距离 0.57 m，雷达前/左/右 1.81/1.10/1.01 m，雷达转向修正 +0.011 rad/s
[INFO] [1791620513.169783032] [m3_2_drive_route]: 进度 356/475，SLAM 估计位置 (-7.05, 0.07)，SLAM 估计航向 -89.9°，估计障碍物距离 0.94 m，雷达前/左/右 1.85/1.09/1.03 m，雷达转向修正 +0.009 rad/s
[INFO] [1791620518.177380334] [m3_2_drive_route]: 进度 364/475，SLAM 估计位置 (-7.05, -0.74)，SLAM 估计航向 -90.0°，估计障碍物距离 0.87 m，雷达前/左/右 1.20/1.08/1.03 m，雷达转向修正 +0.004 rad/s
[INFO] [1791620523.182391167] [m3_2_drive_route]: 进度 372/475，SLAM 估计位置 (-7.07, -1.53)，SLAM 估计航向 -89.9°，估计障碍物距离 0.56 m，雷达前/左/右 1.18/1.09/1.02 m，雷达转向修正 +0.000 rad/s
[INFO] [1791620528.185647121] [m3_2_drive_route]: 进度 380/475，SLAM 估计位置 (-7.05, -2.35)，SLAM 估计航向 -89.6°，估计障碍物距离 0.54 m，雷达前/左/右 1.86/0.67/1.04 m，雷达转向修正 +0.000 rad/s
[INFO] [1791620533.186882956] [m3_2_drive_route]: 进度 388/475，SLAM 估计位置 (-7.05, -3.14)，SLAM 估计航向 -90.0°，估计障碍物距离 0.56 m，雷达前/左/右 1.87/1.06/1.05 m，雷达转向修正 +0.000 rad/s
[INFO] [1791620538.194047545] [m3_2_drive_route]: 进度 392/475，SLAM 估计位置 (-7.05, -3.59)，SLAM 估计航向 -90.1°，估计障碍物距离 0.82 m，雷达前/左/右 1.87/1.06/1.05 m，雷达转向修正 +0.000 rad/s
[INFO] [1791620543.197678029] [m3_2_drive_route]: 进度 396/475，SLAM 估计位置 (-7.05, -3.99)，SLAM 估计航向 -88.7°，估计障碍物距离 0.93 m，雷达前/左/右 1.97/1.06/1.06 m，雷达转向修正 +0.000 rad/s
[INFO] [1791620548.200792740] [m3_2_drive_route]: 进度 400/475，SLAM 估计位置 (-7.00, -4.37)，SLAM 估计航向 -78.1°，估计障碍物距离 0.85 m，雷达前/左/右 1.72/1.75/1.14 m，雷达转向修正 +0.000 rad/s
[INFO] [1791620553.207599612] [m3_2_drive_route]: 进度 405/475，SLAM 估计位置 (-6.81, -4.72)，SLAM 估计航向 -56.6°，估计障碍物距离 0.76 m，雷达前/左/右 1.41/1.22/1.64 m，雷达转向修正 +0.000 rad/s
[INFO] [1791620558.309370688] [m3_2_drive_route]: 进度 409/475，SLAM 估计位置 (-6.48, -4.92)，SLAM 估计航向 -29.9°，估计障碍物距离 0.75 m，雷达前/左/右 1.36/1.06/1.37 m，雷达转向修正 +0.000 rad/s
[INFO] [1791620563.315213490] [m3_2_drive_route]: 进度 415/475，SLAM 估计位置 (-5.98, -5.02)，SLAM 估计航向 -10.4°，估计障碍物距离 0.87 m，雷达前/左/右 1.59/1.02/1.12 m，雷达转向修正 +0.000 rad/s
[INFO] [1791620568.321635104] [m3_2_drive_route]: 进度 423/475，SLAM 估计位置 (-5.20, -5.04)，SLAM 估计航向 -1.9°，估计障碍物距离 0.92 m，雷达前/左/右 1.46/1.04/1.07 m，雷达转向修正 +0.005 rad/s
[INFO] [1791620573.322077865] [m3_2_drive_route]: 进度 431/475，SLAM 估计位置 (-4.38, -5.05)，SLAM 估计航向 -0.2°，估计障碍物距离 0.56 m，雷达前/左/右 0.92/1.03/1.08 m，雷达转向修正 +0.000 rad/s
[INFO] [1791620578.423291286] [m3_2_drive_route]: 进度 439/475，SLAM 估计位置 (-3.55, -5.05)，SLAM 估计航向 0.2°，估计障碍物距离 0.44 m，雷达前/左/右 1.77/0.52/1.08 m，雷达转向修正 +0.000 rad/s
[INFO] [1791620583.425890333] [m3_2_drive_route]: 进度 447/475，SLAM 估计位置 (-2.76, -5.05)，SLAM 估计航向 -0.7°，估计障碍物距离 0.49 m，雷达前/左/右 1.81/1.01/1.10 m，雷达转向修正 -0.009 rad/s
[INFO] [1791620588.429935525] [m3_2_drive_route]: 进度 455/475，SLAM 估计位置 (-1.95, -5.06)，SLAM 估计航向 -0.5°，估计障碍物距离 0.89 m，雷达前/左/右 1.12/1.01/1.10 m，雷达转向修正 -0.013 rad/s
[INFO] [1791620593.440010424] [m3_2_drive_route]: 进度 463/475，SLAM 估计位置 (-1.15, -5.06)，SLAM 估计航向 1.1°，估计障碍物距离 0.55 m，雷达前/左/右 1.70/1.00/1.11 m，雷达转向修正 +0.000 rad/s
[INFO] [1791620598.446567549] [m3_2_drive_route]: 进度 471/475，SLAM 估计位置 (-0.39, -4.99)，SLAM 估计航向 -5.3°，估计障碍物距离 0.46 m，雷达前/左/右 1.75/1.01/1.10 m，雷达转向修正 +0.000 rad/s
[INFO] [1791620599.466196267] [m3_2_drive_route]: 已完成一圈巡场路线
[INFO] [1791620600.220898275] [m3_2_drive_route]: 已发送停车指令
========== M3-2 路线检查 ==========
路线点数量：475
障碍物数量：10
直行速度：0.16 m/s
转弯速度：0.08 m/s
反馈来源：SLAM TF + /scan 激光纠偏和防撞
定位超时停车阈值：1.5 秒
雷达前方停车阈值：0.45 m
